// Jest Snapshot v1, https://goo.gl/fbAQLP

exports[`renders correctly 1`] = `
<div
  className="imageloader imageloader-loading ImageLoader-wrapper "
>
  <div
    className="u-pos--r bar"
  >
    <div
      className="Loader-wrapper"
    >
      <div
        className="Loader"
      />
    </div>
  </div>
</div>
`;
